// Vitest Snapshot v1, https://vitest.dev/guide/snapshot.html

exports[`twenty-work recommendation golden > exposes every ranking and score-ledger change for review 1`] = `
[
  {
    "bestAnchorId": "golden-00",
    "confidence": 0.578503817331,
    "confidenceLevel": "normal",
    "contributions": [
      {
        "anchorWorkIds": [],
        "explainable": false,
        "factorId": "neutralBaseline",
        "group": "overall",
        "source": "baseline",
        "value": 0.5,
      },
      {
        "anchorWorkIds": [
          "golden-03",
        ],
        "explainable": true,
        "factorId": "tooDark",
        "group": "tone",
        "negativeReasonId": "tooDark",
        "source": "penalty",
        "value": -0.1,
      },
      {
        "anchorWorkIds": [
          "golden-00",
        ],
        "explainable": true,
        "factorId": "action",
        "group": "genre",
        "source": "similarity",
        "value": 0.075,
      },
      {
        "anchorWorkIds": [],
        "explainable": true,
        "factorId": "darkness",
        "group": "tone",
        "source": "adjustment",
        "value": -0.06,
      },
      {
        "anchorWorkIds": [
          "golden-00",
        ],
        "explainable": true,
        "factorId": "adventure",
        "group": "theme",
        "source": "similarity",
        "value": -0.041666666667,
      },
      {
        "anchorWorkIds": [
          "golden-00",
        ],
        "explainable": true,
        "factorId": "territoryManagement",
        "group": "theme",
        "source": "similarity",
        "value": -0.041666666667,
      },
      {
        "anchorWorkIds": [],
        "explainable": true,
        "factorId": "pacing",
        "group": "narrative",
        "source": "adjustment",
        "value": 0.03,
      },
      {
        "anchorWorkIds": [
          "golden-00",
        ],
        "explainable": true,
        "factorId": "artDensity",
        "group": "art",
        "source": "similarity",
        "value": 0.027403846154,
      },
      {
        "anchorWorkIds": [
          "golden-00",
        ],
        "explainable": true,
        "factorId": "artRealism",
        "group": "art",
        "source": "similarity",
        "value": 0.025961538462,
      },
      {
        "anchorWorkIds": [
          "golden-00",
        ],
        "explainable": true,
        "factorId": "mysteryReveal",
        "group": "narrative",
        "source": "similarity",
        "value": 0.02375,
      },
      {
        "anchorWorkIds": [
          "golden-00",
        ],
        "explainable": true,
        "factorId": "pacing",
        "group": "narrative",
        "source": "similarity",
        "value": 0.0225,
      },
      {
        "anchorWorkIds": [
          "golden-00",
        ],
        "explainable": true,
        "factorId": "visualSoftness",
        "group": "art",
        "source": "similarity",
        "value": 0.021634615385,
      },
      {
        "anchorWorkIds": [
          "golden-00",
        ],
        "explainable": true,
        "factorId": "strategy",
        "group": "narrative",
        "source": "similarity",
        "value": 0.02125,
      },
      {
        "anchorWorkIds": [
          "golden-00",
        ],
        "explainable": true,
        "factorId": "school",
        "group": "theme",
        "source": "similarity",
        "value": -0.020833333333,
      },
      {
        "anchorWorkIds": [
          "golden-00",
        ],
        "explainable": true,
        "factorId": "survival",
        "group": "theme",
        "source": "similarity",
        "value": -0.020833333333,
      },
      {
        "anchorWorkIds": [
          "golden-00",
        ],
        "explainable": true,
        "factorId": "problemSolving",
        "group": "narrative",
        "source": "similarity",
        "value": 0.02,
      },
      {
        "anchorWorkIds": [
          "golden-00",
        ],
        "explainable": true,
        "factorId": "progression",
        "group": "narrative",
        "source": "similarity",
        "value": 0.01875,
      },
      {
        "anchorWorkIds": [
          "golden-00",
        ],
        "explainable": true,
        "factorId": "worldBuilding",
        "group": "narrative",
        "source": "similarity",
        "value": 0.01875,
      },
      {
        "anchorWorkIds": [
          "golden-00",
        ],
        "explainable": true,
        "factorId": "darkness",
        "group": "tone",
        "source": "similarity",
        "value": 0.01862745098,
      },
      {
        "anchorWorkIds": [
          "golden-04",
        ],
        "explainable": false,
        "factorId": "vagueDislike",
        "group": "overall",
        "negativeReasonId": "vagueDislike",
        "source": "penalty",
        "value": -0.018613392857,
      },
      {
        "anchorWorkIds": [
          "golden-00",
        ],
        "explainable": true,
        "factorId": "comedy",
        "group": "tone",
        "source": "similarity",
        "value": 0.017647058824,
      },
      {
        "anchorWorkIds": [
          "golden-00",
        ],
        "explainable": true,
        "factorId": "emotionalWarmth",
        "group": "tone",
        "source": "similarity",
        "value": 0.016666666667,
      },
      {
        "anchorWorkIds": [
          "golden-00",
        ],
        "explainable": true,
        "factorId": "relationshipStructure",
        "group": "tone",
        "source": "similarity",
        "value": 0.016666666667,
      },
      {
        "anchorWorkIds": [
          "golden-00",
        ],
        "explainable": true,
        "factorId": "characterArcWeight",
        "group": "tone",
        "source": "similarity",
        "value": 0.01568627451,
      },
      {
        "anchorWorkIds": [
          "golden-00",
        ],
        "explainable": true,
        "factorId": "mentalStress",
        "group": "tone",
        "source": "similarity",
        "value": 0.014705882353,
      },
    ],
    "penaltiesApplied": [
      "tooDark",
      "vagueDislike",
    ],
    "tasteScore": 0.601386607143,
    "workId": "golden-10",
  },
  {
    "bestAnchorId": "golden-00",
    "confidence": 0.575036230743,
    "confidenceLevel": "normal",
    "contributions": [
      {
        "anchorWorkIds": [],
        "explainable": false,
        "factorId": "neutralBaseline",
        "group": "overall",
        "source": "baseline",
        "value": 0.5,
      },
      {
        "anchorWorkIds": [
          "golden-03",
        ],
        "explainable": true,
        "factorId": "tooDark",
        "group": "tone",
        "negativeReasonId": "tooDark",
        "source": "penalty",
        "value": -0.1,
      },
      {
        "anchorWorkIds": [],
        "explainable": true,
        "factorId": "darkness",
        "group": "tone",
        "source": "adjustment",
        "value": -0.06,
      },
      {
        "anchorWorkIds": [
          "golden-00",
        ],
        "explainable": true,
        "factorId": "adventure",
        "group": "theme",
        "source": "similarity",
        "value": -0.05,
      },
      {
        "anchorWorkIds": [
          "golden-00",
        ],
        "explainable": true,
        "factorId": "action",
        "group": "genre",
        "source": "similarity",
        "value": -0.0375,
      },
      {
        "anchorWorkIds": [
          "golden-00",
        ],
        "explainable": true,
        "factorId": "sports",
        "group": "genre",
        "source": "similarity",
        "value": -0.0375,
      },
      {
        "anchorWorkIds": [],
        "explainable": true,
        "factorId": "pacing",
        "group": "narrative",
        "source": "adjustment",
        "value": 0.03,
      },
      {
        "anchorWorkIds": [
          "golden-00",
        ],
        "explainable": true,
        "factorId": "artDensity",
        "group": "art",
        "source": "similarity",
        "value": 0.027403846154,
      },
      {
        "anchorWorkIds": [
          "golden-00",
        ],
        "explainable": true,
        "factorId": "artRealism",
        "group": "art",
        "source": "similarity",
        "value": 0.025961538462,
      },
      {
        "anchorWorkIds": [
          "golden-00",
        ],
        "explainable": true,
        "factorId": "territoryManagement",
        "group": "theme",
        "source": "similarity",
        "value": -0.025,
      },
      {
        "anchorWorkIds": [
          "golden-00",
        ],
        "explainable": true,
        "factorId": "mysteryReveal",
        "group": "narrative",
        "source": "similarity",
        "value": 0.02375,
      },
      {
        "anchorWorkIds": [
          "golden-00",
        ],
        "explainable": true,
        "factorId": "pacing",
        "group": "narrative",
        "source": "similarity",
        "value": 0.0225,
      },
      {
        "anchorWorkIds": [
          "golden-00",
        ],
        "explainable": true,
        "factorId": "visualSoftness",
        "group": "art",
        "source": "similarity",
        "value": 0.021634615385,
      },
      {
        "anchorWorkIds": [
          "golden-00",
        ],
        "explainable": true,
        "factorId": "strategy",
        "group": "narrative",
        "source": "similarity",
        "value": 0.02125,
      },
      {
        "anchorWorkIds": [
          "golden-00",
        ],
        "explainable": true,
        "factorId": "problemSolving",
        "group": "narrative",
        "source": "similarity",
        "value": 0.02,
      },
      {
        "anchorWorkIds": [
          "golden-00",
        ],
        "explainable": true,
        "factorId": "progression",
        "group": "narrative",
        "source": "similarity",
        "value": 0.01875,
      },
      {
        "anchorWorkIds": [
          "golden-00",
        ],
        "explainable": true,
        "factorId": "worldBuilding",
        "group": "narrative",
        "source": "similarity",
        "value": 0.01875,
      },
      {
        "anchorWorkIds": [
          "golden-00",
        ],
        "explainable": true,
        "factorId": "darkness",
        "group": "tone",
        "source": "similarity",
        "value": 0.01862745098,
      },
      {
        "anchorWorkIds": [
          "golden-04",
        ],
        "explainable": false,
        "factorId": "vagueDislike",
        "group": "overall",
        "negativeReasonId": "vagueDislike",
        "source": "penalty",
        "value": -0.018613392857,
      },
      {
        "anchorWorkIds": [
          "golden-00",
        ],
        "explainable": true,
        "factorId": "comedy",
        "group": "tone",
        "source": "similarity",
        "value": 0.017647058824,
      },
      {
        "anchorWorkIds": [
          "golden-00",
        ],
        "explainable": true,
        "factorId": "emotionalWarmth",
        "group": "tone",
        "source": "similarity",
        "value": 0.016666666667,
      },
      {
        "anchorWorkIds": [
          "golden-00",
        ],
        "explainable": true,
        "factorId": "relationshipStructure",
        "group": "tone",
        "source": "similarity",
        "value": 0.016666666667,
      },
      {
        "anchorWorkIds": [
          "golden-00",
        ],
        "explainable": true,
        "factorId": "characterArcWeight",
        "group": "tone",
        "source": "similarity",
        "value": 0.01568627451,
      },
      {
        "anchorWorkIds": [
          "golden-00",
        ],
        "explainable": true,
        "factorId": "mentalStress",
        "group": "tone",
        "source": "similarity",
        "value": 0.014705882353,
      },
    ],
    "penaltiesApplied": [
      "tooDark",
      "vagueDislike",
    ],
    "tasteScore": 0.501386607143,
    "workId": "golden-05",
  },
  {
    "bestAnchorId": "golden-00",
    "confidence": 0.581950742475,
    "confidenceLevel": "normal",
    "contributions": [
      {
        "anchorWorkIds": [],
        "explainable": false,
        "factorId": "neutralBaseline",
        "group": "overall",
        "source": "baseline",
        "value": 0.5,
      },
      {
        "anchorWorkIds": [
          "golden-03",
        ],
        "explainable": true,
        "factorId": "tooDark",
        "group": "tone",
        "negativeReasonId": "tooDark",
        "source": "penalty",
        "value": -0.1,
      },
      {
        "anchorWorkIds": [],
        "explainable": true,
        "factorId": "darkness",
        "group": "tone",
        "source": "adjustment",
        "value": -0.06,
      },
      {
        "anchorWorkIds": [],
        "explainable": false,
        "factorId": "preferCompleted",
        "group": "overall",
        "source": "policy",
        "value": -0.05,
      },
      {
        "anchorWorkIds": [
          "golden-00",
        ],
        "explainable": true,
        "factorId": "adventure",
        "group": "theme",
        "source": "similarity",
        "value": -0.041666666667,
      },
      {
        "anchorWorkIds": [
          "golden-00",
        ],
        "explainable": true,
        "factorId": "school",
        "group": "theme",
        "source": "similarity",
        "value": -0.041666666667,
      },
      {
        "anchorWorkIds": [
          "golden-00",
        ],
        "explainable": true,
        "factorId": "action",
        "group": "genre",
        "source": "similarity",
        "value": -0.0375,
      },
      {
        "anchorWorkIds": [
          "golden-00",
        ],
        "explainable": true,
        "factorId": "sports",
        "group": "genre",
        "source": "similarity",
        "value": -0.0375,
      },
      {
        "anchorWorkIds": [],
        "explainable": true,
        "factorId": "pacing",
        "group": "narrative",
        "source": "adjustment",
        "value": 0.03,
      },
      {
        "anchorWorkIds": [
          "golden-00",
        ],
        "explainable": true,
        "factorId": "artDensity",
        "group": "art",
        "source": "similarity",
        "value": 0.027403846154,
      },
      {
        "anchorWorkIds": [
          "golden-00",
        ],
        "explainable": true,
        "factorId": "artRealism",
        "group": "art",
        "source": "similarity",
        "value": 0.025961538462,
      },
      {
        "anchorWorkIds": [
          "golden-00",
        ],
        "explainable": true,
        "factorId": "mysteryReveal",
        "group": "narrative",
        "source": "similarity",
        "value": 0.02375,
      },
      {
        "anchorWorkIds": [
          "golden-00",
        ],
        "explainable": true,
        "factorId": "pacing",
        "group": "narrative",
        "source": "similarity",
        "value": 0.0225,
      },
      {
        "anchorWorkIds": [
          "golden-00",
        ],
        "explainable": true,
        "factorId": "visualSoftness",
        "group": "art",
        "source": "similarity",
        "value": 0.021634615385,
      },
      {
        "anchorWorkIds": [
          "golden-00",
        ],
        "explainable": true,
        "factorId": "strategy",
        "group": "narrative",
        "source": "similarity",
        "value": 0.02125,
      },
      {
        "anchorWorkIds": [
          "golden-00",
        ],
        "explainable": true,
        "factorId": "postApocalypse",
        "group": "theme",
        "source": "similarity",
        "value": -0.020833333333,
      },
      {
        "anchorWorkIds": [
          "golden-00",
        ],
        "explainable": true,
        "factorId": "survival",
        "group": "theme",
        "source": "similarity",
        "value": -0.020833333333,
      },
      {
        "anchorWorkIds": [
          "golden-00",
        ],
        "explainable": true,
        "factorId": "problemSolving",
        "group": "narrative",
        "source": "similarity",
        "value": 0.02,
      },
      {
        "anchorWorkIds": [
          "golden-00",
        ],
        "explainable": true,
        "factorId": "progression",
        "group": "narrative",
        "source": "similarity",
        "value": 0.01875,
      },
      {
        "anchorWorkIds": [
          "golden-00",
        ],
        "explainable": true,
        "factorId": "worldBuilding",
        "group": "narrative",
        "source": "similarity",
        "value": 0.01875,
      },
      {
        "anchorWorkIds": [
          "golden-00",
        ],
        "explainable": true,
        "factorId": "darkness",
        "group": "tone",
        "source": "similarity",
        "value": 0.01862745098,
      },
      {
        "anchorWorkIds": [
          "golden-04",
        ],
        "explainable": false,
        "factorId": "vagueDislike",
        "group": "overall",
        "negativeReasonId": "vagueDislike",
        "source": "penalty",
        "value": -0.018613392857,
      },
      {
        "anchorWorkIds": [
          "golden-00",
        ],
        "explainable": true,
        "factorId": "comedy",
        "group": "tone",
        "source": "similarity",
        "value": 0.017647058824,
      },
      {
        "anchorWorkIds": [
          "golden-00",
        ],
        "explainable": true,
        "factorId": "emotionalWarmth",
        "group": "tone",
        "source": "similarity",
        "value": 0.016666666667,
      },
      {
        "anchorWorkIds": [
          "golden-00",
        ],
        "explainable": true,
        "factorId": "relationshipStructure",
        "group": "tone",
        "source": "similarity",
        "value": 0.016666666667,
      },
      {
        "anchorWorkIds": [
          "golden-00",
        ],
        "explainable": true,
        "factorId": "characterArcWeight",
        "group": "tone",
        "source": "similarity",
        "value": 0.01568627451,
      },
      {
        "anchorWorkIds": [
          "golden-00",
        ],
        "explainable": true,
        "factorId": "mentalStress",
        "group": "tone",
        "source": "similarity",
        "value": 0.014705882353,
      },
    ],
    "penaltiesApplied": [
      "tooDark",
      "vagueDislike",
    ],
    "tasteScore": 0.401386607143,
    "workId": "golden-15",
  },
  {
    "bestAnchorId": "golden-00",
    "confidence": 0.587590978398,
    "confidenceLevel": "normal",
    "contributions": [
      {
        "anchorWorkIds": [],
        "explainable": false,
        "factorId": "neutralBaseline",
        "group": "overall",
        "source": "baseline",
        "value": 0.5,
      },
      {
        "anchorWorkIds": [
          "golden-03",
        ],
        "explainable": true,
        "factorId": "artStyleDislike",
        "group": "art",
        "negativeReasonId": "artStyleDislike",
        "source": "penalty",
        "value": -0.08,
      },
      {
        "anchorWorkIds": [],
        "explainable": true,
        "factorId": "pacing",
        "group": "narrative",
        "source": "adjustment",
        "value": 0.06,
      },
      {
        "anchorWorkIds": [],
        "explainable": true,
        "factorId": "darkness",
        "group": "tone",
        "source": "adjustment",
        "value": 0.06,
      },
      {
        "anchorWorkIds": [
          "golden-00",
        ],
        "explainable": true,
        "factorId": "adventure",
        "group": "theme",
        "source": "similarity",
        "value": -0.041666666667,
      },
      {
        "anchorWorkIds": [
          "golden-00",
        ],
        "explainable": true,
        "factorId": "timeTravel",
        "group": "theme",
        "source": "similarity",
        "value": -0.041666666667,
      },
      {
        "anchorWorkIds": [
          "golden-00",
        ],
        "explainable": true,
        "factorId": "action",
        "group": "genre",
        "source": "similarity",
        "value": -0.0375,
      },
      {
        "anchorWorkIds": [
          "golden-00",
        ],
        "explainable": true,
        "factorId": "scienceFiction",
        "group": "genre",
        "source": "similarity",
        "value": -0.0375,
      },
      {
        "anchorWorkIds": [
          "golden-00",
        ],
        "explainable": true,
        "factorId": "artDensity",
        "group": "art",
        "source": "similarity",
        "value": -0.0265625,
      },
      {
        "anchorWorkIds": [
          "golden-00",
        ],
        "explainable": true,
        "factorId": "mysteryReveal",
        "group": "narrative",
        "source": "similarity",
        "value": -0.022606382979,
      },
      {
        "anchorWorkIds": [
          "golden-00",
        ],
        "explainable": true,
        "factorId": "foundFamily",
        "group": "theme",
        "source": "similarity",
        "value": -0.020833333333,
      },
      {
        "anchorWorkIds": [
          "golden-00",
        ],
        "explainable": true,
        "factorId": "survival",
        "group": "theme",
        "source": "similarity",
        "value": -0.020833333333,
      },
      {
        "anchorWorkIds": [
          "golden-04",
        ],
        "explainable": false,
        "factorId": "vagueDislike",
        "group": "overall",
        "negativeReasonId": "vagueDislike",
        "source": "penalty",
        "value": -0.019436800437,
      },
      {
        "anchorWorkIds": [
          "golden-00",
        ],
        "explainable": true,
        "factorId": "darkness",
        "group": "tone",
        "source": "similarity",
        "value": -0.018085106383,
      },
      {
        "anchorWorkIds": [],
        "explainable": true,
        "factorId": "strategy",
        "group": "narrative",
        "source": "adjustment",
        "value": 0.015,
      },
      {
        "anchorWorkIds": [],
        "explainable": false,
        "factorId": "adjustmentClamp",
        "group": "overall",
        "source": "clamp",
        "value": -0.015,
      },
      {
        "anchorWorkIds": [
          "golden-00",
        ],
        "explainable": true,
        "factorId": "artRealism",
        "group": "art",
        "source": "similarity",
        "value": 0.0125,
      },
      {
        "anchorWorkIds": [
          "golden-00",
        ],
        "explainable": true,
        "factorId": "visualSoftness",
        "group": "art",
        "source": "similarity",
        "value": 0.01171875,
      },
      {
        "anchorWorkIds": [
          "golden-00",
        ],
        "explainable": true,
        "factorId": "pacing",
        "group": "narrative",
        "source": "similarity",
        "value": 0.010638297872,
      },
      {
        "anchorWorkIds": [
          "golden-00",
        ],
        "explainable": true,
        "factorId": "problemSolving",
        "group": "narrative",
        "source": "similarity",
        "value": 0.010638297872,
      },
      {
        "anchorWorkIds": [
          "golden-00",
        ],
        "explainable": true,
        "factorId": "progression",
        "group": "narrative",
        "source": "similarity",
        "value": 0.009973404255,
      },
      {
        "anchorWorkIds": [
          "golden-00",
        ],
        "explainable": true,
        "factorId": "strategy",
        "group": "narrative",
        "source": "similarity",
        "value": 0.009973404255,
      },
      {
        "anchorWorkIds": [
          "golden-00",
        ],
        "explainable": true,
        "factorId": "worldBuilding",
        "group": "narrative",
        "source": "similarity",
        "value": 0.009973404255,
      },
      {
        "anchorWorkIds": [
          "golden-00",
        ],
        "explainable": true,
        "factorId": "characterArcWeight",
        "group": "tone",
        "source": "similarity",
        "value": 0.008510638298,
      },
      {
        "anchorWorkIds": [
          "golden-00",
        ],
        "explainable": true,
        "factorId": "comedy",
        "group": "tone",
        "source": "similarity",
        "value": 0.008510638298,
      },
      {
        "anchorWorkIds": [
          "golden-00",
        ],
        "explainable": true,
        "factorId": "emotionalWarmth",
        "group": "tone",
        "source": "similarity",
        "value": 0.007978723404,
      },
      {
        "anchorWorkIds": [
          "golden-00",
        ],
        "explainable": true,
        "factorId": "relationshipStructure",
        "group": "tone",
        "source": "similarity",
        "value": 0.007978723404,
      },
      {
        "anchorWorkIds": [
          "golden-00",
        ],
        "explainable": true,
        "factorId": "mentalStress",
        "group": "tone",
        "source": "similarity",
        "value": 0.003989361702,
      },
    ],
    "penaltiesApplied": [
      "artStyleDislike",
      "vagueDislike",
    ],
    "tasteScore": 0.365692853819,
    "workId": "golden-13",
  },
  {
    "bestAnchorId": "golden-02",
    "confidence": 0.590480030709,
    "confidenceLevel": "normal",
    "contributions": [
      {
        "anchorWorkIds": [],
        "explainable": false,
        "factorId": "neutralBaseline",
        "group": "overall",
        "source": "baseline",
        "value": 0.4,
      },
      {
        "anchorWorkIds": [
          "golden-03",
        ],
        "explainable": true,
        "factorId": "tooDark",
        "group": "tone",
        "negativeReasonId": "tooDark",
        "source": "penalty",
        "value": -0.1,
      },
      {
        "anchorWorkIds": [
          "golden-02",
        ],
        "explainable": true,
        "factorId": "martialArts",
        "group": "theme",
        "source": "similarity",
        "value": -0.04,
      },
      {
        "anchorWorkIds": [],
        "explainable": true,
        "factorId": "darkness",
        "group": "tone",
        "source": "adjustment",
        "value": -0.03,
      },
      {
        "anchorWorkIds": [
          "golden-02",
        ],
        "explainable": true,
        "factorId": "historical",
        "group": "genre",
        "source": "similarity",
        "value": -0.03,
      },
      {
        "anchorWorkIds": [
          "golden-02",
        ],
        "explainable": true,
        "factorId": "horror",
        "group": "genre",
        "source": "similarity",
        "value": -0.03,
      },
      {
        "anchorWorkIds": [
          "golden-04",
        ],
        "explainable": false,
        "factorId": "vagueDislike",
        "group": "overall",
        "negativeReasonId": "vagueDislike",
        "source": "penalty",
        "value": -0.029618656015,
      },
      {
        "anchorWorkIds": [
          "golden-02",
        ],
        "explainable": true,
        "factorId": "revenge",
        "group": "theme",
        "source": "similarity",
        "value": -0.02,
      },
      {
        "anchorWorkIds": [
          "golden-02",
        ],
        "explainable": true,
        "factorId": "strategy",
        "group": "narrative",
        "source": "similarity",
        "value": 0.01862745098,
      },
      {
        "anchorWorkIds": [
          "golden-02",
        ],
        "explainable": true,
        "factorId": "problemSolving",
        "group": "narrative",
        "source": "similarity",
        "value": 0.017647058824,
      },
      {
        "anchorWorkIds": [
          "golden-02",
        ],
        "explainable": true,
        "factorId": "progression",
        "group": "narrative",
        "source": "similarity",
        "value": 0.016666666667,
      },
      {
        "anchorWorkIds": [
          "golden-02",
        ],
        "explainable": true,
        "factorId": "worldBuilding",
        "group": "narrative",
        "source": "similarity",
        "value": 0.016666666667,
      },
      {
        "anchorWorkIds": [
          "golden-02",
        ],
        "explainable": true,
        "factorId": "motionImpact",
        "group": "art",
        "source": "similarity",
        "value": 0.016363636364,
      },
      {
        "anchorWorkIds": [
          "golden-02",
        ],
        "explainable": true,
        "factorId": "mysteryReveal",
        "group": "narrative",
        "source": "similarity",
        "value": 0.01568627451,
      },
      {
        "anchorWorkIds": [
          "golden-02",
        ],
        "explainable": true,
        "factorId": "visualSoftness",
        "group": "art",
        "source": "similarity",
        "value": 0.015454545455,
      },
      {
        "anchorWorkIds": [],
        "explainable": true,
        "factorId": "strategy",
        "group": "narrative",
        "source": "adjustment",
        "value": -0.015,
      },
      {
        "anchorWorkIds": [
          "golden-02",
        ],
        "explainable": true,
        "factorId": "pacing",
        "group": "narrative",
        "source": "similarity",
        "value": 0.014705882353,
      },
      {
        "anchorWorkIds": [
          "golden-02",
        ],
        "explainable": true,
        "factorId": "emotionalWarmth",
        "group": "tone",
        "source": "similarity",
        "value": 0.014615384615,
      },
      {
        "anchorWorkIds": [
          "golden-02",
        ],
        "explainable": true,
        "factorId": "relationshipStructure",
        "group": "tone",
        "source": "similarity",
        "value": 0.014615384615,
      },
      {
        "anchorWorkIds": [
          "golden-02",
        ],
        "explainable": true,
        "factorId": "artDensity",
        "group": "art",
        "source": "similarity",
        "value": 0.014545454545,
      },
      {
        "anchorWorkIds": [
          "golden-02",
        ],
        "explainable": true,
        "factorId": "characterArcWeight",
        "group": "tone",
        "source": "similarity",
        "value": 0.013846153846,
      },
      {
        "anchorWorkIds": [
          "golden-02",
        ],
        "explainable": true,
        "factorId": "artRealism",
        "group": "art",
        "source": "similarity",
        "value": 0.013636363636,
      },
      {
        "anchorWorkIds": [
          "golden-02",
        ],
        "explainable": true,
        "factorId": "mentalStress",
        "group": "tone",
        "source": "similarity",
        "value": 0.013076923077,
      },
      {
        "anchorWorkIds": [
          "golden-02",
        ],
        "explainable": true,
        "factorId": "darkness",
        "group": "tone",
        "source": "similarity",
        "value": 0.012307692308,
      },
      {
        "anchorWorkIds": [
          "golden-02",
        ],
        "explainable": true,
        "factorId": "comedy",
        "group": "tone",
        "source": "similarity",
        "value": 0.011538461538,
      },
    ],
    "penaltiesApplied": [
      "tooDark",
      "vagueDislike",
    ],
    "tasteScore": 0.345381343985,
    "workId": "golden-07",
  },
  {
    "bestAnchorId": "golden-02",
    "confidence": 0.583636512692,
    "confidenceLevel": "normal",
    "contributions": [
      {
        "anchorWorkIds": [],
        "explainable": false,
        "factorId": "neutralBaseline",
        "group": "overall",
        "source": "baseline",
        "value": 0.4,
      },
      {
        "anchorWorkIds": [
          "golden-03",
        ],
        "explainable": true,
        "factorId": "tooDark",
        "group": "tone",
        "negativeReasonId": "tooDark",
        "source": "penalty",
        "value": -0.1,
      },
      {
        "anchorWorkIds": [
          "golden-02",
        ],
        "explainable": true,
        "factorId": "martialArts",
        "group": "theme",
        "source": "similarity",
        "value": -0.033333333333,
      },
      {
        "anchorWorkIds": [
          "golden-02",
        ],
        "explainable": true,
        "factorId": "sportsCompetition",
        "group": "theme",
        "source": "similarity",
        "value": -0.033333333333,
      },
      {
        "anchorWorkIds": [],
        "explainable": true,
        "factorId": "darkness",
        "group": "tone",
        "source": "adjustment",
        "value": -0.03,
      },
      {
        "anchorWorkIds": [
          "golden-02",
        ],
        "explainable": true,
        "factorId": "historical",
        "group": "genre",
        "source": "similarity",
        "value": -0.03,
      },
      {
        "anchorWorkIds": [
          "golden-02",
        ],
        "explainable": true,
        "factorId": "horror",
        "group": "genre",
        "source": "similarity",
        "value": -0.03,
      },
      {
        "anchorWorkIds": [
          "golden-04",
        ],
        "explainable": false,
        "factorId": "vagueDislike",
        "group": "overall",
        "negativeReasonId": "vagueDislike",
        "source": "penalty",
        "value": -0.028240665584,
      },
      {
        "anchorWorkIds": [
          "golden-02",
        ],
        "explainable": true,
        "factorId": "strategy",
        "group": "narrative",
        "source": "similarity",
        "value": 0.01862745098,
      },
      {
        "anchorWorkIds": [
          "golden-02",
        ],
        "explainable": true,
        "factorId": "problemSolving",
        "group": "narrative",
        "source": "similarity",
        "value": 0.017647058824,
      },
      {
        "anchorWorkIds": [
          "golden-02",
        ],
        "explainable": true,
        "factorId": "progression",
        "group": "narrative",
        "source": "similarity",
        "value": 0.016666666667,
      },
      {
        "anchorWorkIds": [
          "golden-02",
        ],
        "explainable": true,
        "factorId": "worldBuilding",
        "group": "narrative",
        "source": "similarity",
        "value": 0.016666666667,
      },
      {
        "anchorWorkIds": [
          "golden-02",
        ],
        "explainable": true,
        "factorId": "adventure",
        "group": "theme",
        "source": "similarity",
        "value": -0.016666666667,
      },
      {
        "anchorWorkIds": [
          "golden-02",
        ],
        "explainable": true,
        "factorId": "dungeon",
        "group": "theme",
        "source": "similarity",
        "value": -0.016666666667,
      },
      {
        "anchorWorkIds": [
          "golden-02",
        ],
        "explainable": true,
        "factorId": "motionImpact",
        "group": "art",
        "source": "similarity",
        "value": 0.016363636364,
      },
      {
        "anchorWorkIds": [
          "golden-02",
        ],
        "explainable": true,
        "factorId": "mysteryReveal",
        "group": "narrative",
        "source": "similarity",
        "value": 0.01568627451,
      },
      {
        "anchorWorkIds": [
          "golden-02",
        ],
        "explainable": true,
        "factorId": "visualSoftness",
        "group": "art",
        "source": "similarity",
        "value": 0.015454545455,
      },
      {
        "anchorWorkIds": [],
        "explainable": true,
        "factorId": "strategy",
        "group": "narrative",
        "source": "adjustment",
        "value": -0.015,
      },
      {
        "anchorWorkIds": [],
        "explainable": true,
        "factorId": "adventure",
        "group": "theme",
        "source": "adjustment",
        "value": 0.015,
      },
      {
        "anchorWorkIds": [
          "golden-02",
        ],
        "explainable": true,
        "factorId": "pacing",
        "group": "narrative",
        "source": "similarity",
        "value": 0.014705882353,
      },
      {
        "anchorWorkIds": [
          "golden-02",
        ],
        "explainable": true,
        "factorId": "artDensity",
        "group": "art",
        "source": "similarity",
        "value": 0.014545454545,
      },
      {
        "anchorWorkIds": [
          "golden-02",
        ],
        "explainable": true,
        "factorId": "artRealism",
        "group": "art",
        "source": "similarity",
        "value": 0.013636363636,
      },
      {
        "anchorWorkIds": [
          "golden-02",
        ],
        "explainable": true,
        "factorId": "emotionalWarmth",
        "group": "tone",
        "source": "similarity",
        "value": 0.012459016393,
      },
      {
        "anchorWorkIds": [
          "golden-02",
        ],
        "explainable": true,
        "factorId": "relationshipStructure",
        "group": "tone",
        "source": "similarity",
        "value": 0.012459016393,
      },
      {
        "anchorWorkIds": [
          "golden-02",
        ],
        "explainable": true,
        "factorId": "characterArcWeight",
        "group": "tone",
        "source": "similarity",
        "value": 0.011803278689,
      },
      {
        "anchorWorkIds": [
          "golden-02",
        ],
        "explainable": true,
        "factorId": "romance",
        "group": "tone",
        "source": "similarity",
        "value": 0.011803278689,
      },
      {
        "anchorWorkIds": [
          "golden-02",
        ],
        "explainable": true,
        "factorId": "mentalStress",
        "group": "tone",
        "source": "similarity",
        "value": 0.011147540984,
      },
      {
        "anchorWorkIds": [
          "golden-02",
        ],
        "explainable": true,
        "factorId": "darkness",
        "group": "tone",
        "source": "similarity",
        "value": 0.010491803279,
      },
      {
        "anchorWorkIds": [
          "golden-02",
        ],
        "explainable": true,
        "factorId": "comedy",
        "group": "tone",
        "source": "similarity",
        "value": 0.009836065574,
      },
    ],
    "penaltiesApplied": [
      "tooDark",
      "vagueDislike",
    ],
    "tasteScore": 0.321759334416,
    "workId": "golden-17",
  },
  {
    "bestAnchorId": "golden-02",
    "confidence": 0.597186385434,
    "confidenceLevel": "normal",
    "contributions": [
      {
        "anchorWorkIds": [],
        "explainable": false,
        "factorId": "neutralBaseline",
        "group": "overall",
        "source": "baseline",
        "value": 0.4,
      },
      {
        "anchorWorkIds": [
          "golden-04",
        ],
        "explainable": false,
        "factorId": "vagueDislike",
        "group": "overall",
        "negativeReasonId": "vagueDislike",
        "source": "penalty",
        "value": -0.048,
      },
      {
        "anchorWorkIds": [
          "golden-02",
        ],
        "explainable": true,
        "factorId": "historicalReconstruction",
        "group": "theme",
        "source": "similarity",
        "value": -0.04,
      },
      {
        "anchorWorkIds": [],
        "explainable": true,
        "factorId": "pacing",
        "group": "narrative",
        "source": "adjustment",
        "value": -0.03,
      },
      {
        "anchorWorkIds": [],
        "explainable": true,
        "factorId": "strategy",
        "group": "narrative",
        "source": "adjustment",
        "value": -0.03,
      },
      {
        "anchorWorkIds": [
          "golden-02",
        ],
        "explainable": true,
        "factorId": "historical",
        "group": "genre",
        "source": "similarity",
        "value": -0.03,
      },
      {
        "anchorWorkIds": [
          "golden-02",
        ],
        "explainable": true,
        "factorId": "romance",
        "group": "genre",
        "source": "similarity",
        "value": -0.03,
      },
      {
        "anchorWorkIds": [
          "golden-02",
        ],
        "explainable": true,
        "factorId": "dungeon",
        "group": "theme",
        "source": "similarity",
        "value": -0.02,
      },
      {
        "anchorWorkIds": [
          "golden-02",
        ],
        "explainable": true,
        "factorId": "problemSolving",
        "group": "narrative",
        "source": "similarity",
        "value": -0.015625,
      },
      {
        "anchorWorkIds": [
          "golden-02",
        ],
        "explainable": true,
        "factorId": "motionImpact",
        "group": "art",
        "source": "similarity",
        "value": -0.014285714286,
      },
      {
        "anchorWorkIds": [
          "golden-02",
        ],
        "explainable": true,
        "factorId": "characterArcWeight",
        "group": "tone",
        "source": "similarity",
        "value": -0.010909090909,
      },
      {
        "anchorWorkIds": [
          "golden-02",
        ],
        "explainable": true,
        "factorId": "romance",
        "group": "tone",
        "source": "similarity",
        "value": -0.010909090909,
      },
      {
        "anchorWorkIds": [
          "golden-02",
        ],
        "explainable": true,
        "factorId": "progression",
        "group": "narrative",
        "source": "similarity",
        "value": 0.008854166667,
      },
      {
        "anchorWorkIds": [
          "golden-02",
        ],
        "explainable": true,
        "factorId": "worldBuilding",
        "group": "narrative",
        "source": "similarity",
        "value": 0.008854166667,
      },
      {
        "anchorWorkIds": [
          "golden-02",
        ],
        "explainable": true,
        "factorId": "mysteryReveal",
        "group": "narrative",
        "source": "similarity",
        "value": 0.008333333333,
      },
      {
        "anchorWorkIds": [
          "golden-02",
        ],
        "explainable": true,
        "factorId": "strategy",
        "group": "narrative",
        "source": "similarity",
        "value": 0.008333333333,
      },
      {
        "anchorWorkIds": [
          "golden-02",
        ],
        "explainable": true,
        "factorId": "visualSoftness",
        "group": "art",
        "source": "similarity",
        "value": 0.008095238095,
      },
      {
        "anchorWorkIds": [
          "golden-02",
        ],
        "explainable": true,
        "factorId": "pacing",
        "group": "narrative",
        "source": "similarity",
        "value": 0.0078125,
      },
      {
        "anchorWorkIds": [
          "golden-02",
        ],
        "explainable": true,
        "factorId": "artDensity",
        "group": "art",
        "source": "similarity",
        "value": 0.007619047619,
      },
      {
        "anchorWorkIds": [
          "golden-02",
        ],
        "explainable": true,
        "factorId": "artRealism",
        "group": "art",
        "source": "similarity",
        "value": 0.007142857143,
      },
      {
        "anchorWorkIds": [
          "golden-02",
        ],
        "explainable": true,
        "factorId": "mentalStress",
        "group": "tone",
        "source": "similarity",
        "value": 0.006181818182,
      },
      {
        "anchorWorkIds": [
          "golden-02",
        ],
        "explainable": true,
        "factorId": "darkness",
        "group": "tone",
        "source": "similarity",
        "value": 0.005818181818,
      },
      {
        "anchorWorkIds": [
          "golden-02",
        ],
        "explainable": true,
        "factorId": "emotionalWarmth",
        "group": "tone",
        "source": "similarity",
        "value": 0.005818181818,
      },
      {
        "anchorWorkIds": [
          "golden-02",
        ],
        "explainable": true,
        "factorId": "relationshipStructure",
        "group": "tone",
        "source": "similarity",
        "value": 0.005818181818,
      },
      {
        "anchorWorkIds": [
          "golden-02",
        ],
        "explainable": true,
        "factorId": "comedy",
        "group": "tone",
        "source": "similarity",
        "value": 0.005454545455,
      },
    ],
    "penaltiesApplied": [
      "vagueDislike",
    ],
    "tasteScore": 0.214406655844,
    "workId": "golden-19",
  },
  {
    "bestAnchorId": "golden-01",
    "confidence": 0.588843648268,
    "confidenceLevel": "normal",
    "contributions": [
      {
        "anchorWorkIds": [],
        "explainable": false,
        "factorId": "neutralBaseline",
        "group": "overall",
        "source": "baseline",
        "value": 0.4,
      },
      {
        "anchorWorkIds": [
          "golden-04",
        ],
        "explainable": false,
        "factorId": "vagueDislike",
        "group": "overall",
        "negativeReasonId": "vagueDislike",
        "source": "penalty",
        "value": -0.052,
      },
      {
        "anchorWorkIds": [],
        "explainable": false,
        "factorId": "preferCompleted",
        "group": "overall",
        "source": "policy",
        "value": -0.05,
      },
      {
        "anchorWorkIds": [
          "golden-01",
        ],
        "explainable": true,
        "factorId": "combat",
        "group": "theme",
        "source": "similarity",
        "value": -0.033333333333,
      },
      {
        "anchorWorkIds": [
          "golden-01",
        ],
        "explainable": true,
        "factorId": "cooking",
        "group": "theme",
        "source": "similarity",
        "value": -0.033333333333,
      },
      {
        "anchorWorkIds": [],
        "explainable": true,
        "factorId": "pacing",
        "group": "narrative",
        "source": "adjustment",
        "value": -0.03,
      },
      {
        "anchorWorkIds": [],
        "explainable": true,
        "factorId": "strategy",
        "group": "narrative",
        "source": "adjustment",
        "value": -0.03,
      },
      {
        "anchorWorkIds": [
          "golden-01",
        ],
        "explainable": true,
        "factorId": "fantasy",
        "group": "genre",
        "source": "similarity",
        "value": -0.03,
      },
      {
        "anchorWorkIds": [
          "golden-01",
        ],
        "explainable": true,
        "factorId": "romance",
        "group": "genre",
        "source": "similarity",
        "value": -0.03,
      },
      {
        "anchorWorkIds": [
          "golden-01",
        ],
        "explainable": true,
        "factorId": "strategy",
        "group": "narrative",
        "source": "similarity",
        "value": -0.016842105263,
      },
      {
        "anchorWorkIds": [
          "golden-01",
        ],
        "explainable": true,
        "factorId": "investigation",
        "group": "theme",
        "source": "similarity",
        "value": -0.016666666667,
      },
      {
        "anchorWorkIds": [
          "golden-01",
        ],
        "explainable": true,
        "factorId": "reincarnation",
        "group": "theme",
        "source": "similarity",
        "value": -0.016666666667,
      },
      {
        "anchorWorkIds": [
          "golden-01",
        ],
        "explainable": true,
        "factorId": "emotionalWarmth",
        "group": "tone",
        "source": "similarity",
        "value": -0.011636363636,
      },
      {
        "anchorWorkIds": [
          "golden-01",
        ],
        "explainable": true,
        "factorId": "relationshipStructure",
        "group": "tone",
        "source": "similarity",
        "value": -0.011636363636,
      },
      {
        "anchorWorkIds": [
          "golden-01",
        ],
        "explainable": true,
        "factorId": "pacing",
        "group": "narrative",
        "source": "similarity",
        "value": 0.008947368421,
      },
      {
        "anchorWorkIds": [
          "golden-01",
        ],
        "explainable": true,
        "factorId": "progression",
        "group": "narrative",
        "source": "similarity",
        "value": 0.008421052632,
      },
      {
        "anchorWorkIds": [
          "golden-01",
        ],
        "explainable": true,
        "factorId": "worldBuilding",
        "group": "narrative",
        "source": "similarity",
        "value": 0.008421052632,
      },
      {
        "anchorWorkIds": [
          "golden-01",
        ],
        "explainable": true,
        "factorId": "artRealism",
        "group": "art",
        "source": "similarity",
        "value": 0.008095238095,
      },
      {
        "anchorWorkIds": [
          "golden-01",
        ],
        "explainable": true,
        "factorId": "mysteryReveal",
        "group": "narrative",
        "source": "similarity",
        "value": 0.007894736842,
      },
      {
        "anchorWorkIds": [
          "golden-01",
        ],
        "explainable": true,
        "factorId": "problemSolving",
        "group": "narrative",
        "source": "similarity",
        "value": 0.007894736842,
      },
      {
        "anchorWorkIds": [
          "golden-01",
        ],
        "explainable": true,
        "factorId": "visualSoftness",
        "group": "art",
        "source": "similarity",
        "value": 0.007619047619,
      },
      {
        "anchorWorkIds": [
          "golden-01",
        ],
        "explainable": true,
        "factorId": "artDensity",
        "group": "art",
        "source": "similarity",
        "value": 0.007142857143,
      },
      {
        "anchorWorkIds": [
          "golden-01",
        ],
        "explainable": true,
        "factorId": "motionImpact",
        "group": "art",
        "source": "similarity",
        "value": 0.007142857143,
      },
      {
        "anchorWorkIds": [
          "golden-01",
        ],
        "explainable": true,
        "factorId": "comedy",
        "group": "tone",
        "source": "similarity",
        "value": 0.006181818182,
      },
      {
        "anchorWorkIds": [
          "golden-01",
        ],
        "explainable": true,
        "factorId": "mentalStress",
        "group": "tone",
        "source": "similarity",
        "value": 0.005818181818,
      },
      {
        "anchorWorkIds": [
          "golden-01",
        ],
        "explainable": true,
        "factorId": "characterArcWeight",
        "group": "tone",
        "source": "similarity",
        "value": 0.005454545455,
      },
      {
        "anchorWorkIds": [
          "golden-01",
        ],
        "explainable": true,
        "factorId": "darkness",
        "group": "tone",
        "source": "similarity",
        "value": 0.005454545455,
      },
      {
        "anchorWorkIds": [
          "golden-01",
        ],
        "explainable": true,
        "factorId": "romance",
        "group": "tone",
        "source": "similarity",
        "value": 0.005454545455,
      },
    ],
    "penaltiesApplied": [
      "vagueDislike",
    ],
    "tasteScore": 0.137827751196,
    "workId": "golden-09",
  },
]
`;
